// Jest Snapshot v1, https://goo.gl/fbAQLP

exports[`React element that is rendered while waiting for the component to load should render fallback correctly 1`] = `
<DocumentFragment>
  <div
    style="height: 100%; text-align: center; opacity: 0.5;"
  >
    <div
      class="ant-spin ant-spin-spinning"
      data-testid="fallback-spinner"
      style="top: calc(50% - 18px);"
    >
      <span
        class="ant-spin-dot ant-spin-dot-spin"
      >
        <i
          class="ant-spin-dot-item"
        />
        <i
          class="ant-spin-dot-item"
        />
        <i
          class="ant-spin-dot-item"
        />
        <i
          class="ant-spin-dot-item"
        />
      </span>
    </div>
  </div>
</DocumentFragment>
`;
